// Jest Snapshot v1, https://goo.gl/fbAQLP

exports[`LoginForm should render correctly 1`] = `
<form
  class="ui form"
>
  <div
    class="field"
  >
    <label
      for="email"
    >
      Email
    </label>
    <input
      id="email"
      name="email"
      placeholder="Email"
      type="email"
      value=""
    />
    <div>
      <span
        style="color: rgb(154, 63, 56);"
      />
    </div>
  </div>
  <div
    class="field"
  >
    <label
      for="password"
    >
      Password
    </label>
    <input
      id="password"
      name="password"
      placeholder="password"
      type="text"
      value=""
    />
    <div>
      <span
        style="color: rgb(154, 63, 56);"
      />
    </div>
  </div>
  <div
    class="ui fluid buttons"
  >
    <button
      class="ui button primary"
      data-testid="login-button"
    >
      Login
    </button>
    <div
      class="or"
    />
    <a
      class="ui button"
      href="/"
    >
      Cancel
    </a>
  </div>
</form>
`;
